// Jest Snapshot v1, https://goo.gl/fbAQLP

exports[`Style with :not selector should import default 1`] = `
Object {
  "class1": "class1",
  "class2": "class2",
  "class3": "class3",
}
`;
